Information: Propagating switching activity (medium effort zero delay simulation). (PWR-6)
Warning: Design has unannotated primary inputs. (PWR-414)
Warning: Design has unannotated sequential cell outputs. (PWR-415)
Warning: Design has unannotated black box outputs. (PWR-428)
 
****************************************
Report : power
        -hier
        -analysis_effort medium
        -verbose
Design : riscv
Version: J-2014.09-SP4
Date   : Wed Mar 20 14:18:07 2019
****************************************


Library(s) Used:

    saed32lvt_tt1p05vn40c (File: /users/ugrad2/2012/spring/pooriam/libraries/saed32lvt_tt1p05vn40c.db)
    saed32sram_tt1p05vn40c (File: /users/ugrad2/2012/spring/pooriam/libraries/saed32sram_tt1p05vn40c.db)
    gtech (File: /ecelib/linware/synopsys15/dc/libraries/syn/gtech.db)


Operating Conditions: tt1p05vn40c   Library: saed32lvt_tt1p05vn40c
Wire Load Model Mode: enclosed

Design        Wire Load Model            Library
------------------------------------------------
riscv                  ForQA             saed32lvt_tt1p05vn40c
Datapath               ForQA             saed32lvt_tt1p05vn40c
instructionmemory      ForQA             saed32lvt_tt1p05vn40c
RegFile                16000             saed32lvt_tt1p05vn40c


Global Operating Voltage = 1.05 
Power-specific unit information :
    Voltage Units = 1V
    Capacitance Units = 1.000000ff
    Time Units = 1ns
    Dynamic Power Units = 1uW    (derived from V,C,T units)
    Leakage Power Units = 1pW


--------------------------------------------------------------------------------
                                       Switch   Int      Leak     Total
Hierarchy                              Power    Power    Power    Power    %
--------------------------------------------------------------------------------
riscv                                    50.058 4.94e+03 1.57e+10 2.07e+04 100.0
  dp (Datapath)                          49.377 4.94e+03 1.57e+10 2.07e+04  99.8
    rf (RegFile)                         20.631 3.28e+03 1.04e+10 1.37e+04  66.3
    instr_mem (instructionmemory)         1.274    0.000    0.000    1.274   0.0
      C37 (*MUX_OP_128_7_1)               0.554    0.000    0.000    0.554   0.0
1
