Information: Updating graph... (UID-83)
Warning: Design 'riscv' contains 1 high-fanout nets. A fanout number of 1000 will be used for delay calculations involving these nets. (TIM-134)
Information: Updating design information... (UID-85)
Warning: Design 'riscv' contains 1 high-fanout nets. A fanout number of 1000 will be used for delay calculations involving these nets. (TIM-134)
 
****************************************
Report : qor
Design : riscv
Version: J-2014.09-SP4
Date   : Sun Mar 17 19:29:21 2019
****************************************


  Timing Path Group 'clk'
  -----------------------------------
  Levels of Logic:              40.00
  Critical Path Length:          1.99
  Critical Path Slack:           0.00
  Critical Path Clk Period:      2.00
  Total Negative Slack:          0.00
  No. of Violating Paths:        0.00
  Worst Hold Violation:          0.00
  Total Hold Violation:          0.00
  No. of Hold Violations:        0.00
  -----------------------------------


  Cell Count
  -----------------------------------
  Hierarchical Cell Count:          3
  Hierarchical Port Count:        220
  Leaf Cell Count:               5918
  Buf/Inv Cell Count:             319
  Buf Cell Count:                  63
  Inv Cell Count:                 256
  CT Buf/Inv Cell Count:            0
  Combinational Cell Count:      4525
  Sequential Cell Count:         1393
  Macro Count:                      0
  -----------------------------------


  Area
  -----------------------------------
  Combinational Area:    11117.021012
  Noncombinational Area:  9306.753531
  Buf/Inv Area:            465.337663
  Total Buffer Area:            67.60
  Total Inverter Area:         397.74
  Macro/Black Box Area:  50667.683594
  Net Area:               6077.303462
  -----------------------------------
  Cell Area:             71091.458136
  Design Area:           77168.761598


  Design Rules
  -----------------------------------
  Total Number of Nets:          6190
  Nets With Violations:             1
  Max Trans Violations:             0
  Max Cap Violations:               1
  -----------------------------------


  Hostname: zuma.eecs.uci.edu

  Compile CPU Statistics
  -----------------------------------------
  Resource Sharing:                    4.43
  Logic Optimization:                  9.85
  Mapping Optimization:               35.63
  -----------------------------------------
  Overall Compile Time:               86.08
  Overall Compile Wall Clock Time:   152.74

  --------------------------------------------------------------------

  Design  WNS: 0.00  TNS: 0.00  Number of Violating Paths: 0


  Design (Hold)  WNS: 0.00  TNS: 0.00  Number of Violating Paths: 0

  --------------------------------------------------------------------


1
